<?xml version="1.0" encoding="UTF-8"?>
<testsuites name="jest tests" tests="10" failures="0" errors="0" time="0.461">
  <testsuite name="Web Application Tests" errors="0" failures="0" skipped="0" timestamp="2025-09-28T06:46:41" time="0.414" tests="10">
    <testcase classname="Web Application Tests Basic Routes GET / should return 200 status" name="Web Application Tests Basic Routes GET / should return 200 status" time="0.016">
    </testcase>
    <testcase classname="Web Application Tests Basic Routes GET /health should return health status" name="Web Application Tests Basic Routes GET /health should return health status" time="0.007">
    </testcase>
    <testcase classname="Web Application Tests Database Operations Database connection mock works" name="Web Application Tests Database Operations Database connection mock works" time="0.001">
    </testcase>
    <testcase classname="Web Application Tests Database Operations Scenarios route handles database response" name="Web Application Tests Database Operations Scenarios route handles database response" time="0.002">
    </testcase>
    <testcase classname="Web Application Tests Data Validation Should validate required fields" name="Web Application Tests Data Validation Should validate required fields" time="0">
    </testcase>
    <testcase classname="Web Application Tests Data Validation Should handle JSON parsing for tags" name="Web Application Tests Data Validation Should handle JSON parsing for tags" time="0">
    </testcase>
    <testcase classname="Web Application Tests Error Handling Should handle database errors gracefully" name="Web Application Tests Error Handling Should handle database errors gracefully" time="0">
    </testcase>
    <testcase classname="Web Application Tests Error Handling Should handle database errors in scenarios route" name="Web Application Tests Error Handling Should handle database errors in scenarios route" time="0.018">
    </testcase>
    <testcase classname="Web Application Tests Utility Functions Should generate timestamps" name="Web Application Tests Utility Functions Should generate timestamps" time="0">
    </testcase>
    <testcase classname="Web Application Tests Utility Functions Should handle file extensions" name="Web Application Tests Utility Functions Should handle file extensions" time="0">
    </testcase>
  </testsuite>
</testsuites>